C51 COMPILER V9.50a   COUNTER0                                                             11/27/2022 11:46:31 PAGE 1   


C51 COMPILER V9.50a, COMPILATION OF MODULE COUNTER0
OBJECT MODULE PLACED IN C:\ISP's\SP_ISP\bin\Debug\counter0.obj
COMPILER INVOKED BY: C:\Keil\C51\BIN\C51.EXE timer_counter\counter0.c BROWSE DEBUG OBJECTEXTEND PRINT(.\counter0.lst) TA
                    -BS(2) OBJECT(C:\ISP's\SP_ISP\bin\Debug\counter0.obj)

line level    source

   1          #include<reg51.h>
   2          sbit led = P2^0;
   3          void main()
   4          {
   5   1        TMOD = 0x04;//counter 0 mode 0 selected
   6   1        TR0 = 1;//strt counter 0
   7   1        while(TL0 < 5);
   8   1        led = 0;//turn on AL led
   9   1        led = 1;//turn off AL led
  10   1        TR0 = 0;//stop counter
  11   1        while(1);
  12   1      }


MODULE INFORMATION:   STATIC OVERLAYABLE
   CODE SIZE        =     20    ----
   CONSTANT SIZE    =   ----    ----
   XDATA SIZE       =   ----    ----
   PDATA SIZE       =   ----    ----
   DATA SIZE        =   ----    ----
   IDATA SIZE       =   ----    ----
   BIT SIZE         =   ----    ----
END OF MODULE INFORMATION.


C51 COMPILATION COMPLETE.  0 WARNING(S),  0 ERROR(S)
