C51 COMPILER V9.50a   TIMER0MOD3                                                           11/27/2022 12:22:09 PAGE 1   


C51 COMPILER V9.50a, COMPILATION OF MODULE TIMER0MOD3
OBJECT MODULE PLACED IN C:\ISP's\SP_ISP\bin\Debug\timer0mod3.obj
COMPILER INVOKED BY: C:\Keil\C51\BIN\C51.EXE timer_counter\timer0mod3.c BROWSE DEBUG OBJECTEXTEND PRINT(.\timer0mod3.lst
                    -) TABS(2) OBJECT(C:\ISP's\SP_ISP\bin\Debug\timer0mod3.obj)

line level    source

   1          #include<reg51.h>
   2          void main()
   3          {
   4   1        TMOD = 0x03;//timer 0 mode 2
   5   1        //set timer to required delay
   6   1        TH0 = 0x00;//
   7   1        TL0 = 0x00;//
   8   1        
   9   1        TR0 = 1;//START TIMER 0
  10   1      //  TR1 = 1;//START TIMER 1 since timer1 mode3 is disabled
  11   1        while(TF0 == 0);
  12   1        TR0 = 0;//STOP TIMER0
  13   1      //  TR1 = 0;//STOP TIMER0
  14   1        TF0 = 0;//CLEAR FLAG
  15   1        while(1);
  16   1      }


MODULE INFORMATION:   STATIC OVERLAYABLE
   CODE SIZE        =     19    ----
   CONSTANT SIZE    =   ----    ----
   XDATA SIZE       =   ----    ----
   PDATA SIZE       =   ----    ----
   DATA SIZE        =   ----    ----
   IDATA SIZE       =   ----    ----
   BIT SIZE         =   ----    ----
END OF MODULE INFORMATION.


C51 COMPILATION COMPLETE.  0 WARNING(S),  0 ERROR(S)
